------------------------------------------------------------
Timing Analyzer Summary
------------------------------------------------------------

Type  : Slow 1100mV 85C Model Setup 'clk'
Slack : -0.855
TNS   : -1.470

Type  : Slow 1100mV 85C Model Hold 'clk'
Slack : 0.263
TNS   : 0.000

Type  : Slow 1100mV 85C Model Minimum Pulse Width 'clk'
Slack : -0.538
TNS   : -6.230

Type  : Slow 1100mV 0C Model Setup 'clk'
Slack : -0.901
TNS   : -1.484

Type  : Slow 1100mV 0C Model Hold 'clk'
Slack : 0.247
TNS   : 0.000

Type  : Slow 1100mV 0C Model Minimum Pulse Width 'clk'
Slack : -0.538
TNS   : -6.263

Type  : Fast 1100mV 85C Model Setup 'clk'
Slack : 0.117
TNS   : 0.000

Type  : Fast 1100mV 85C Model Hold 'clk'
Slack : 0.145
TNS   : 0.000

Type  : Fast 1100mV 85C Model Minimum Pulse Width 'clk'
Slack : -0.100
TNS   : -0.792

Type  : Fast 1100mV 0C Model Setup 'clk'
Slack : 0.157
TNS   : 0.000

Type  : Fast 1100mV 0C Model Hold 'clk'
Slack : 0.129
TNS   : 0.000

Type  : Fast 1100mV 0C Model Minimum Pulse Width 'clk'
Slack : -0.099
TNS   : -0.785

------------------------------------------------------------
